load("@rules_kotlin//kotlin:jvm.bzl", "kt_jvm_library")

kt_jvm_library(
    name = "foo",
    srcs = ["Calculator.kt"],
)
